<?xml version="1.0" encoding="utf-8"?><testsuites><testsuite name="pytest" errors="0" failures="0" skipped="0" tests="36" time="0.221" timestamp="2023-06-01T11:33:38.083612" hostname="samvb-VirtualBox"><testcase classname="tests.test_vector" name="test_init_raises[-1-None]" time="0.005" /><testcase classname="tests.test_vector" name="test_init_raises[1-None]" time="0.001" /><testcase classname="tests.test_vector" name="test_init_raises[None-1]" time="0.001" /><testcase classname="tests.test_vector" name="test_init_raises[None--1]" time="0.002" /><testcase classname="tests.test_vector" name="test_from_values[-1-1-exp0]" time="0.001" /><testcase classname="tests.test_vector" name="test_from_values[1--1-exp1]" time="0.001" /><testcase classname="tests.test_vector" name="test_from_values[1-1-exp2]" time="0.001" /><testcase classname="tests.test_vector" name="test_repr" time="0.001" /><testcase classname="tests.test_vector" name="test_str" time="0.001" /><testcase classname="tests.test_vector" name="test_add[lhs0-rhs0-exp_res0]" time="0.001" /><testcase classname="tests.test_vector" name="test_add[lhs1-rhs1-exp_res1]" time="0.001" /><testcase classname="tests.test_vector" name="test_add[lhs2-rhs2-exp_res2]" time="0.001" /><testcase classname="tests.test_vector" name="test_sub[lhs0-rhs0-exp_res0]" time="0.001" /><testcase classname="tests.test_vector" name="test_sub[lhs1-rhs1-exp_res1]" time="0.001" /><testcase classname="tests.test_vector" name="test_sub[lhs2-rhs2-exp_res2]" time="0.001" /><testcase classname="tests.test_vector" name="test_mul_vec[lhs0-rhs0-0.0]" time="0.003" /><testcase classname="tests.test_vector" name="test_mul_vec[lhs1-rhs1-0.0]" time="0.001" /><testcase classname="tests.test_vector" name="test_mul_vec[lhs2-rhs2--5.0]" time="0.001" /><testcase classname="tests.test_vector" name="test_mul_float[lhs0-2.0-exp_res0]" time="0.001" /><testcase classname="tests.test_vector" name="test_mul_float[lhs1-2.0-exp_res1]" time="0.001" /><testcase classname="tests.test_vector" name="test_mul_float[lhs2-2.0-exp_res2]" time="0.001" /><testcase classname="tests.test_vector" name="test_mul_raises[rhs0-None]" time="0.001" /><testcase classname="tests.test_vector" name="test_mul_raises[rhs1-1]" time="0.001" /><testcase classname="tests.test_vector" name="test_div[lhs0-2.0-exp_res0]" time="0.001" /><testcase classname="tests.test_vector" name="test_div[lhs1-2.0-exp_res1]" time="0.001" /><testcase classname="tests.test_vector" name="test_div[lhs2-2.0-exp_res2]" time="0.001" /><testcase classname="tests.test_vector" name="test_div_raises[lhs0-rhs0]" time="0.001" /><testcase classname="tests.test_vector" name="test_operators_raises[rhs0-lhs0]" time="0.001" /><testcase classname="tests.test_vector" name="test_operators_raises[rhs1-lhs1]" time="0.001" /><testcase classname="tests.test_vector" name="test_abs[rhs0-0]" time="0.001" /><testcase classname="tests.test_vector" name="test_abs[rhs1-1]" time="0.001" /><testcase classname="tests.test_vector" name="test_abs[rhs2-1]" time="0.001" /><testcase classname="tests.test_vector" name="test_equality_other_class[lhs0-rhs0]" time="0.001" /><testcase classname="tests.test_vector" name="test_equality_other_class[lhs1-rhs1]" time="0.007" /><testcase classname="tests.test_vector" name="test_less_than[lhs0-rhs0]" time="0.001" /><testcase classname="tests.test_vector" name="test_less_than[lhs1-rhs1]" time="0.001" /></testsuite></testsuites>